// Jest Snapshot v1, https://goo.gl/fbAQLP

exports[`Prueba a HookApp component should mostrar el componente correctamente 1`] = `
<div>
  <h1>
    Hola mundo
  </h1>
</div>
`;
